---
source: src/grammar.rs
expression: "format!(\"{:?}\", result)"
---
start_symbol: S(ID: 0)
S ::= #"\A(?:b|d|a|c)\z"(ID: 0,type: DFA);
