---
source: src/grammar.rs
expression: "format!(\"{:?}\", result)"
---
start_symbol: S(ID: 0)
S ::= #"\A(?:cdcda|cdcdcdcdcda|cdcdcdcda|cda|cdcdcda|cdcdcdcdcdcda)\z"(ID: 0,type: DFA);
